// Jest Snapshot v1, https://goo.gl/fbAQLP

exports[`Viser oppgavecontainer med alt innhold 1`] = `
.c0 {
  margin-top: 1.5rem;
}

<div
  className="c0"
/>
`;
