// Jest Snapshot v1, https://goo.gl/fbAQLP

exports[`BesvarFler matcher snapshot 1`] = `
.c5 {
  position: relative;
  padding: .8rem;
  display: -webkit-box;
  display: -webkit-flex;
  display: -ms-flexbox;
  display: flex;
  -webkit-align-items: center;
  -webkit-box-align: center;
  -ms-flex-align: center;
  align-items: center;
  cursor: pointer;
  background-color: #cce1f3;
}

.c5:hover {
  box-shadow: inset 0 0 0 0.1rem #0067c5,0 0.1rem 0.1rem rgba(0,0,0,0.2);
}

.c5:hover > button:last-child {
  padding-left: 0.5rem;
}

.c5 > *:first-child {
  -webkit-box-flex: 1;
  -webkit-flex-grow: 1;
  -ms-flex-positive: 1;
  flex-grow: 1;
}

.c13 {
  border: none;
  padding: 0;
  height: 2rem;
  width: 2rem;
  border-radius: .35rem;
  cursor: pointer;
  background-color: transparent;
  -webkit-transition: padding-left 0.3s;
  transition: padding-left 0.3s;
}

.c13:focus {
  outline: none;
  box-shadow: none;
}

.c13:focus::after {
  position: absolute;
  top: 0;
  left: 0;
  content: '';
  box-shadow: inset 0 0 0 0.1875rem #254b6d;
  height: 100%;
  width: 100%;
  pointer-events: none;
}

.c8 {
  position: relative;
}

.c8 svg {
  height: 1.875rem;
  width: 1.875rem;
  -webkit-clip-path: polygon(0 0,79% 0,79% 46%,100% 46%,100% 100%,0 100%);
  clip-path: polygon(0 0,79% 0,79% 46%,100% 46%,100% 100%,0 100%);
}

.c9 {
  position: absolute;
  top: -0.1875rem;
  right: 0.5625rem;
  border-radius: 50%;
  padding: 0 0.1rem;
}

.c16 {
  display: -webkit-box;
  display: -webkit-flex;
  display: -ms-flexbox;
  display: flex;
  -webkit-box-pack: justify;
  -webkit-justify-content: space-between;
  -ms-flex-pack: justify;
  justify-content: space-between;
  -webkit-align-items: flex-start;
  -webkit-box-align: flex-start;
  -ms-flex-align: flex-start;
  align-items: flex-start;
}

.c19 {
  margin-right: 0.3rem;
}

.c18 {
  display: -webkit-box;
  display: -webkit-flex;
  display: -ms-flexbox;
  display: flex;
}

.c17 {
  font-weight: 600;
}

.c15 {
  text-align: left;
}

.c15 em {
  font-style: normal;
  background-color: #eed28c;
  border-radius: 0.625rem;
  padding: 0 0.3125rem;
}

.c15 > *:not(:last-child) {
  border-bottom: solid 0.0625rem #b7b1a9;
  padding-bottom: 0.7rem;
  margin-bottom: 0.5rem;
}

.c21 {
  color: #0067c5;
}

.c20 .ekspanderbartPanel__hode,
.c20 .ekspanderbartPanel__innhold {
  padding: 0.3rem 0;
}

.c11 {
  display: -webkit-box;
  display: -webkit-flex;
  display: -ms-flexbox;
  display: flex;
  -webkit-flex-direction: column;
  -ms-flex-direction: column;
  flex-direction: column;
}

.c11 .order-first {
  -webkit-order: 0;
  -ms-flex-order: 0;
  order: 0;
}

.c11 .order-second {
  -webkit-order: 1;
  -ms-flex-order: 1;
  order: 1;
}

.c6 {
  display: -webkit-box;
  display: -webkit-flex;
  display: -ms-flexbox;
  display: flex;
}

.c6 > *:not(:last-child) {
  padding-right: .8rem;
}

.c4:focus {
  position: relative;
  outline: none;
  box-shadow: none;
}

.c4:focus::after {
  position: absolute;
  top: 0;
  left: 0;
  content: '';
  box-shadow: inset 0 0 0 0.1875rem #254b6d;
  height: 100%;
  width: 100%;
  pointer-events: none;
}

.c12 {
  display: -webkit-box;
  display: -webkit-flex;
  display: -ms-flexbox;
  display: flex;
  -webkit-flex-wrap: wrap;
  -ms-flex-wrap: wrap;
  flex-wrap: wrap;
  -webkit-align-items: flex-start;
  -webkit-box-align: flex-start;
  -ms-flex-align: flex-start;
  align-items: flex-start;
  margin-top: 0.2rem;
}

.c12 > *:not(:last-child) {
  margin-bottom: 0.2rem;
  margin-right: 0.2rem;
}

.c10 {
  -webkit-box-flex: 1;
  -webkit-flex-grow: 1;
  -ms-flex-positive: 1;
  flex-grow: 1;
  width: 0px;
}

.c0 {
  background-color: #c6c2bf;
  width: 80vw;
  height: 80vh;
  max-width: 100rem;
  max-height: 100rem;
  display: -ms-grid;
  display: grid;
  -ms-grid-rows: auto minmax(0,1fr) auto;
  grid-template-rows: auto minmax(0,1fr) auto;
  -ms-grid-columns: 1fr;
  grid-template-columns: 1fr;
}

.c0 > *:nth-child(1) {
  -ms-grid-row: 1;
}

.c0 > *:nth-child(2) {
  -ms-grid-row: 2;
}

.c0 > *:nth-child(3) {
  -ms-grid-row: 3;
}

.c2 {
  display: -webkit-box;
  display: -webkit-flex;
  display: -ms-flexbox;
  display: flex;
}

.c2 > *:first-child {
  -webkit-flex: 30% 1 1;
  -ms-flex: 30% 1 1;
  flex: 30% 1 1;
}

.c2 > *:last-child {
  -webkit-flex: 70% 1 1;
  -ms-flex: 70% 1 1;
  flex: 70% 1 1;
}

.c2 > * {
  overflow: auto;
}

.c3 {
  display: -webkit-box;
  display: -webkit-flex;
  display: -ms-flexbox;
  display: flex;
  background-color: white;
  -webkit-flex-direction: column;
  -ms-flex-direction: column;
  flex-direction: column;
  list-style: none;
}

.c3 > * {
  border-bottom: solid 0.0625rem #b7b1a9;
}

.c14 {
  padding: .8rem;
  -webkit-box-flex: 1;
  -webkit-flex-grow: 1;
  -ms-flex-positive: 1;
  flex-grow: 1;
}

.c7 {
  padding: 1rem;
  -webkit-transform: translateY(-0.5rem);
  -ms-transform: translateY(-0.5rem);
  transform: translateY(-0.5rem);
}

.c1 {
  background-color: #e9e7e7;
  padding: 1.25rem .8rem;
}

.c22 {
  display: -webkit-box;
  display: -webkit-flex;
  display: -ms-flexbox;
  display: flex;
  -webkit-box-pack: end;
  -webkit-justify-content: flex-end;
  -ms-flex-pack: end;
  justify-content: flex-end;
  background-color: #e9e7e7;
  padding: .8rem;
}

.c22 > * {
  margin-left: 1rem;
}

<form
  className="c0"
  onSubmit={[Function]}
>
  <div
    className="c1"
  >
    <p
      className="typo-ingress"
    >
      Slå sammen oppgaver
    </p>
  </div>
  <div
    className="c2"
  >
    <ol
      className="c3"
    >
      <li
        className="test-meldinger-melding c4"
        tabIndex={-1}
      >
        <div
          className="c5"
          onClick={[Function]}
        >
          <div>
            <div
              className="c6"
            >
              <div
                className="c7"
              >
                <div
                  className="skjemaelement skjemaelement--horisontal"
                >
                  <input
                    aria-label="Velg tråd"
                    checked={false}
                    className="skjemaelement__input checkboks"
                    id="Helt tilfeldig ID"
                    onChange={[Function]}
                    type="checkbox"
                  />
                  <label
                    className="skjemaelement__label"
                    htmlFor="Helt tilfeldig ID"
                  >
                    
                  </label>
                  <div
                    aria-live="assertive"
                    role="alert"
                  />
                </div>
              </div>
              <span
                className="c8"
              >
                <svg
                  height={24}
                  viewBox="0 0 24 24"
                  width={24}
                  xmlns="http://www.w3.org/2000/svg"
                >
                  <g
                    fill="none"
                    stroke="currentColor"
                    strokeLinejoin="round"
                    strokeMiterlimit="10"
                  >
                    <path
                      d="M7.44 14.564c-.489-.066-.971-.17-1.44-.314l-5 2 2-3.5c-1.573-1.259-2.5-3.125-2.5-5.064 0-3.83 3.806-6.936 8.5-6.936s8.5 3.106 8.5 6.936"
                    />
                    <path
                      d="M9.5 16.25c0 4.289 5 7.5 9.5 5.5l4 1.5-1.5-3c1.296-1.037 2-2.402 2-4 0-3.154-3.134-6-7-6s-7 2.846-7 6z"
                    />
                  </g>
                </svg>
                <p
                  className="typo-undertekst-bold c9"
                >
                  4
                </p>
              </span>
              <div
                className="c10"
              >
                <div
                  className="c11"
                >
                  <p
                    className="typo-element order-second"
                  >
                    Delsvar - Arbeid
                  </p>
                  <p
                    className="typo-normal order-first"
                  >
                    13.08.2019 00:00
                  </p>
                </div>
                <p
                  className="typo-normal"
                >
                  Dolores omnis ea voluptatem corrupt...
                </p>
                <div
                  className="c12"
                >
                  <div
                    className="etikett etikett--fokus"
                  >
                    <span
                      className="typo-normal"
                    >
                      Under arbeid
                    </span>
                  </div>
                  <div
                    className="etikett etikett--info"
                  >
                    <span
                      className="typo-normal"
                    >
                      Delvis besvart
                    </span>
                  </div>
                </div>
              </div>
            </div>
          </div>
          <button
            aria-label="Vis meldinger for Delsvar - Arbeid"
            aria-selected={true}
            className="c13"
            onClick={[Function]}
          >
            <i
              className="nav-frontend-chevron chevronboks chevron--stor chevron--hoyre"
            />
          </button>
        </div>
      </li>
      <li
        className="test-meldinger-melding c4"
        tabIndex={-1}
      >
        <div
          className="c5"
          onClick={[Function]}
        >
          <div>
            <div
              className="c6"
            >
              <div
                className="c7"
              >
                <div
                  className="skjemaelement skjemaelement--horisontal"
                >
                  <input
                    aria-label="Velg tråd"
                    checked={false}
                    className="skjemaelement__input checkboks"
                    id="Helt tilfeldig ID"
                    onChange={[Function]}
                    type="checkbox"
                  />
                  <label
                    className="skjemaelement__label"
                    htmlFor="Helt tilfeldig ID"
                  >
                    
                  </label>
                  <div
                    aria-live="assertive"
                    role="alert"
                  />
                </div>
              </div>
              <span
                className="c8"
              >
                <svg
                  height={24}
                  viewBox="0 0 24 24"
                  width={24}
                  xmlns="http://www.w3.org/2000/svg"
                >
                  <g
                    fill="none"
                    stroke="currentColor"
                    strokeLinejoin="round"
                    strokeMiterlimit="10"
                  >
                    <path
                      d="M7.44 14.564c-.489-.066-.971-.17-1.44-.314l-5 2 2-3.5c-1.573-1.259-2.5-3.125-2.5-5.064 0-3.83 3.806-6.936 8.5-6.936s8.5 3.106 8.5 6.936"
                    />
                    <path
                      d="M9.5 16.25c0 4.289 5 7.5 9.5 5.5l4 1.5-1.5-3c1.296-1.037 2-2.402 2-4 0-3.154-3.134-6-7-6s-7 2.846-7 6z"
                    />
                  </g>
                </svg>
                <p
                  className="typo-undertekst-bold c9"
                >
                  4
                </p>
              </span>
              <div
                className="c10"
              >
                <div
                  className="c11"
                >
                  <p
                    className="typo-element order-second"
                  >
                    Delsvar - Arbeid
                  </p>
                  <p
                    className="typo-normal order-first"
                  >
                    13.08.2019 00:00
                  </p>
                </div>
                <p
                  className="typo-normal"
                >
                  Dolores omnis ea voluptatem corrupt...
                </p>
                <div
                  className="c12"
                >
                  <div
                    className="etikett etikett--fokus"
                  >
                    <span
                      className="typo-normal"
                    >
                      Under arbeid
                    </span>
                  </div>
                  <div
                    className="etikett etikett--info"
                  >
                    <span
                      className="typo-normal"
                    >
                      Delvis besvart
                    </span>
                  </div>
                </div>
              </div>
            </div>
          </div>
          <button
            aria-label="Vis meldinger for Delsvar - Arbeid"
            aria-selected={true}
            className="c13"
            onClick={[Function]}
          >
            <i
              className="nav-frontend-chevron chevronboks chevron--stor chevron--hoyre"
            />
          </button>
        </div>
      </li>
    </ol>
    <section
      className="c14"
    >
      <div
        className="snakkeboble_ikoner"
      >
        <div
          className="snakkeboble snakkeboble--hoyre"
        >
          <i
            className="nav-ikon"
          />
          <div
            className="snakkeboble__snakkeboble-pil-container"
          >
            <i
              className="snakkeboble__snakkebole-pil"
            />
          </div>
          <div
            className="panel snakkeboble-panel"
          >
            <div
              className="snakkeboble-panel__tekst"
            >
              <div
                className="c15"
              >
                <div
                  className=""
                >
                  <div
                    className="c16"
                  >
                    <div
                      className="tekstomrade c17"
                    >
                      Samtalereferat oppmøte - Arbeid
                    </div>
                    <div
                      className="etikett etikett--suksess"
                    >
                      <span
                        className="typo-normal"
                      >
                        Lest
                      </span>
                    </div>
                  </div>
                  <div
                    className="tekstomrade"
                  >
                    30.07.2019 00:00
                  </div>
                  <div
                    className="c18"
                  >
                    <span
                      className="c19"
                    >
                      Skrevet av:
                    </span>
                    <div
                      className="tekstomrade"
                    >
                      Sander Hansen (nzxo4q)
                    </div>
                  </div>
                </div>
                <div
                  className="tekstomrade"
                >
                  Ea laborum accusamus et ex voluptates provident eveniet voluptatem. Sunt et sed eligendi harum exercitationem. Eaque est maiores autem sunt occaecati atque ipsa ea itaque. Dolorum enim quaerat alias ut sit labore pariatur.
                </div>
                <div
                  className="ekspanderbartPanel c20 ekspanderbartPanel--lukket"
                >
                  <button
                    aria-expanded={false}
                    className="ekspanderbartPanel__hode"
                    onClick={[Function]}
                    onKeyDown={[Function]}
                    type="button"
                  >
                    <div
                      className="ekspanderbartPanel__flex-wrapper"
                    >
                      <p
                        className="typo-etikett-liten c21"
                      >
                        Meldingen er journalført
                      </p>
                      <span
                        className="ekspanderbartPanel__indikator"
                      />
                    </div>
                  </button>
                  <article
                    className="ekspanderbartPanel__innhold"
                  >
                    Journalført av Adrian Pettersen (vlzaiw) 11.07.2019 på tema undefined med saksid undefined
                  </article>
                </div>
              </div>
            </div>
          </div>
        </div>
      </div>
      <div
        className="snakkeboble_ikoner"
      >
        <div
          className="snakkeboble snakkeboble--venstre"
        >
          <i
            className="bruker-ikon"
          />
          <div
            className="snakkeboble__snakkeboble-pil-container"
          >
            <i
              className="snakkeboble__snakkebole-pil"
            />
          </div>
          <div
            className="panel snakkeboble-panel"
          >
            <div
              className="snakkeboble-panel__tekst"
            >
              <div
                className="c15"
              >
                <div
                  className=""
                >
                  <div
                    className="c16"
                  >
                    <div
                      className="tekstomrade c17"
                    >
                      Spørsmål fra bruker - Arbeid
                    </div>
                  </div>
                  <div
                    className="tekstomrade"
                  >
                    10.08.2019 00:00
                  </div>
                </div>
                <div
                  className="tekstomrade"
                >
                  Quo magni eaque et libero minima ipsum amet et dolorem. Sed iusto ratione sit. Voluptate alias qui impedit ut dolorum doloribus qui. Qui beatae rerum minima suscipit.
                </div>
                <div
                  className="ekspanderbartPanel c20 ekspanderbartPanel--lukket"
                >
                  <button
                    aria-expanded={false}
                    className="ekspanderbartPanel__hode"
                    onClick={[Function]}
                    onKeyDown={[Function]}
                    type="button"
                  >
                    <div
                      className="ekspanderbartPanel__flex-wrapper"
                    >
                      <p
                        className="typo-etikett-liten c21"
                      >
                        Meldingen er journalført
                      </p>
                      <span
                        className="ekspanderbartPanel__indikator"
                      />
                    </div>
                  </button>
                  <article
                    className="ekspanderbartPanel__innhold"
                  >
                    Journalført av Emil Nguyen (ly4pps) 21.07.2019 på tema undefined med saksid undefined
                  </article>
                </div>
              </div>
            </div>
          </div>
        </div>
      </div>
      <div
        className="snakkeboble_ikoner"
      >
        <div
          className="snakkeboble snakkeboble--venstre"
        >
          <i
            className="bruker-ikon"
          />
          <div
            className="snakkeboble__snakkeboble-pil-container"
          >
            <i
              className="snakkeboble__snakkebole-pil"
            />
          </div>
          <div
            className="panel snakkeboble-panel"
          >
            <div
              className="snakkeboble-panel__tekst"
            >
              <div
                className="c15"
              >
                <div
                  className=""
                >
                  <div
                    className="c16"
                  >
                    <div
                      className="tekstomrade c17"
                    >
                      Spørsmål fra bruker - Arbeid
                    </div>
                  </div>
                  <div
                    className="tekstomrade"
                  >
                    06.08.2019 00:00
                  </div>
                </div>
                <div
                  className="tekstomrade"
                >
                  Animi qui molestiae omnis reiciendis quam in. Provident magnam dolor. Omnis voluptatem placeat labore in ut aliquam perspiciatis fugiat. Perspiciatis voluptatum odit.
                </div>
                <div
                  className="ekspanderbartPanel c20 ekspanderbartPanel--lukket"
                >
                  <button
                    aria-expanded={false}
                    className="ekspanderbartPanel__hode"
                    onClick={[Function]}
                    onKeyDown={[Function]}
                    type="button"
                  >
                    <div
                      className="ekspanderbartPanel__flex-wrapper"
                    >
                      <p
                        className="typo-etikett-liten c21"
                      >
                        Meldingen er journalført
                      </p>
                      <span
                        className="ekspanderbartPanel__indikator"
                      />
                    </div>
                  </button>
                  <article
                    className="ekspanderbartPanel__innhold"
                  >
                    Journalført av Victoria Andresen (3t55yt) 12.08.2019 på tema undefined med saksid undefined
                  </article>
                </div>
              </div>
            </div>
          </div>
        </div>
      </div>
      <div
        className="snakkeboble_ikoner"
      >
        <div
          className="snakkeboble snakkeboble--hoyre"
        >
          <i
            className="nav-ikon"
          />
          <div
            className="snakkeboble__snakkeboble-pil-container"
          >
            <i
              className="snakkeboble__snakkebole-pil"
            />
          </div>
          <div
            className="panel snakkeboble-panel"
          >
            <div
              className="snakkeboble-panel__tekst"
            >
              <div
                className="c15"
              >
                <div
                  className=""
                >
                  <div
                    className="c16"
                  >
                    <div
                      className="tekstomrade c17"
                    >
                      Delsvar - Arbeid
                    </div>
                    <div
                      className="etikett etikett--info"
                    >
                      <span
                        className="typo-normal"
                      >
                        Delsvar
                      </span>
                    </div>
                  </div>
                  <div
                    className="tekstomrade"
                  >
                    13.08.2019 00:00
                  </div>
                  <div
                    className="c18"
                  >
                    <span
                      className="c19"
                    >
                      Skrevet av:
                    </span>
                    <div
                      className="tekstomrade"
                    >
                      Kristoffer Fredriksen (xy70r8)
                    </div>
                  </div>
                </div>
                <div
                  className="tekstomrade"
                >
                  Dolores omnis ea voluptatem corrupti odit incidunt enim. Unde fugiat sed animi explicabo maiores. Nihil cum accusamus omnis officiis deserunt est. Qui quisquam unde aut magni dignissimos.
                </div>
                <div
                  className="ekspanderbartPanel c20 ekspanderbartPanel--lukket"
                >
                  <button
                    aria-expanded={false}
                    className="ekspanderbartPanel__hode"
                    onClick={[Function]}
                    onKeyDown={[Function]}
                    type="button"
                  >
                    <div
                      className="ekspanderbartPanel__flex-wrapper"
                    >
                      <p
                        className="typo-etikett-liten c21"
                      >
                        Meldingen er journalført
                      </p>
                      <span
                        className="ekspanderbartPanel__indikator"
                      />
                    </div>
                  </button>
                  <article
                    className="ekspanderbartPanel__innhold"
                  >
                    Journalført av Jenny Berg (p0jh0d) 30.07.2019 på tema undefined med saksid undefined
                  </article>
                </div>
              </div>
            </div>
          </div>
        </div>
      </div>
    </section>
  </div>
  <div
    className="c22"
  >
    <button
      className="knapp knapp--hoved"
      disabled={false}
      type="submit"
    >
      Slå sammen 
      oppgaver
    </button>
  </div>
</form>
`;
