// Jest Snapshot v1, https://goo.gl/fbAQLP

exports[`Foreldrepengeperiode matcher snapshot 1`] = `
.c3 {
  display: -webkit-box;
  display: -webkit-flex;
  display: -ms-flexbox;
  display: flex;
  -webkit-flex-wrap: wrap;
  -ms-flex-wrap: wrap;
  flex-wrap: wrap;
}

.c3 dt {
  color: #78706a;
}

.c3 dd {
  font-weight: bold;
  margin-top: 0.3rem;
}

.c3 > div {
  margin: 0.9375rem 0;
  padding-right: 1rem;
  width: 13rem;
  overflow-wrap: break-word;
}

.c12 {
  text-align: center;
}

.c8 {
  text-transform: uppercase;
}

.c7 {
  font-weight: bold;
}

.c10 {
  border-radius: 0.5rem;
  background-color: #e9e7e7;
  box-shadow: inset 0 0 0 0.3rem white,inset 0 0 0 0.35rem rgba(0,0,0,0.1);
  padding: 1.25rem;
}

.c6 > *:first-child {
  background-color: #cce1f3;
  padding: 0.2rem 1.25rem;
}

.c6 ol {
  padding: 0;
  margin: 0;
}

.c13 {
  overflow: auto;
  box-shadow: 0 0 0 0.05rem rgba(0,0,0,0.25);
  border-radius: .25rem;
  background-color: white;
}

.c13 table {
  text-align: left;
  width: 100%;
}

.c13 table thead {
  border-bottom: 0.2rem solid rgba(0,0,0,0.15);
  font-weight: bold;
}

.c13 table th,
.c13 table td {
  padding: 0.7rem;
  vertical-align: middle;
}

.c13 table th {
  padding-bottom: 0.7rem;
}

.c13 table tr:nth-child(even) {
  background-color: rgba(0,0,0,0.1);
}

.c11 {
  white-space: nowrap;
}

.c11 > *:not(:last-child) {
  margin-bottom: 1rem;
}

.c14 {
  padding: 0.5rem;
}

.c9 {
  padding: .8rem;
}

.c9 > *:not(:last-child) {
  margin-bottom: 2rem;
}

.c2 {
  border-radius: 0.5rem;
  background-color: #e9e7e7;
  box-shadow: inset 0 0 0 0.3rem white,inset 0 0 0 0.35rem rgba(0,0,0,0.1);
  padding: 1.25rem;
}

.c5 span:not(:last-child):after {
  content: '.';
}

.c4 li:not(:first-child) {
  border-top: solid 0.0625rem #c6c2bf;
}

.c0 {
  padding: .8rem;
  display: -webkit-box;
  display: -webkit-flex;
  display: -ms-flexbox;
  display: flex;
}

.c1 {
  display: -webkit-box;
  display: -webkit-flex;
  display: -ms-flexbox;
  display: flex;
  -webkit-flex-direction: column;
  -ms-flex-direction: column;
  flex-direction: column;
}

.c1 > * {
  -webkit-box-flex: 1;
  -webkit-flex-grow: 1;
  -ms-flex-positive: 1;
  flex-grow: 1;
}

<article>
  <h2
    className="visually-hidden"
    tabIndex={-1}
  >
    Foreldrepengerettighet
  </h2>
  <div
    className="c0"
  >
    <div
      className="c1"
    >
      <div
        className="c2"
      >
        <h3
          className="typo-ingress"
        >
          Om foreldrepengeretten
        </h3>
        <dl
          className="c3"
        >
          <div>
            <dt
              className="typo-etikett-liten"
            >
              Foreldrepengetype
            </dt>
            <dd
              className="typo-normal"
            >
              Fødselspenger
            </dd>
          </div>
          <div>
            <dt
              className="typo-etikett-liten"
            >
              Dekningsgrad
            </dt>
            <dd
              className="typo-normal"
            >
              34%
            </dd>
          </div>
          <div>
            <dt
              className="typo-etikett-liten"
            >
              Rettighet fra dato
            </dt>
            <dd
              className="typo-normal"
            >
              29.04.2017
            </dd>
          </div>
          <div>
            <dt
              className="typo-etikett-liten"
            >
              Graderingsdager
            </dt>
            <dd
              className="typo-normal"
            >
              55
            </dd>
          </div>
          <div>
            <dt
              className="typo-etikett-liten"
            >
              Restdager
            </dt>
            <dd
              className="typo-normal"
            >
              41
            </dd>
          </div>
          <div>
            <dt
              className="typo-etikett-liten"
            >
              Maksdato
            </dt>
            <dd
              className="typo-normal"
            >
              —
            </dd>
          </div>
          <div>
            <dt
              className="typo-etikett-liten"
            >
              Arbeidskategori
            </dt>
            <dd
              className="typo-normal"
            >
              Arbeidstaker
            </dd>
          </div>
          <div>
            <dt
              className="typo-etikett-liten"
            >
              Fedrekvote til og med
            </dt>
            <dd
              className="typo-normal"
            >
              10.02.2019
            </dd>
          </div>
        </dl>
      </div>
      <div
        className="c2"
      >
        <h3
          className="typo-ingress"
        >
          Om barnet
        </h3>
        <dl
          className="c3"
        >
          <div>
            <dt
              className="typo-etikett-liten"
            >
              Termindato
            </dt>
            <dd
              className="typo-normal"
            >
              11.02.2019
            </dd>
          </div>
          <div>
            <dt
              className="typo-etikett-liten"
            >
              Fødselsdato
            </dt>
            <dd
              className="typo-normal"
            >
              11.02.2019
            </dd>
          </div>
          <div>
            <dt
              className="typo-etikett-liten"
            >
              Annen forelder
            </dt>
            <dd
              className="typo-normal"
            >
              03063850003
            </dd>
          </div>
          <div>
            <dt
              className="typo-etikett-liten"
            >
              Antall barn
            </dt>
            <dd
              className="typo-normal"
            >
              5
            </dd>
          </div>
        </dl>
      </div>
    </div>
    <div
      className="c2"
    >
      <h3
        className="typo-ingress"
      >
        Arbeidssituasjon
      </h3>
      <ol
        aria-label="Arbeidsgivere"
        className="c4"
      >
        <li>
          <dl
            className="c3"
          >
            <div>
              <dt
                className="typo-etikett-liten"
              >
                Arbeidsgiver
              </dt>
              <dd
                className="typo-normal"
              >
                Bakke - Solheim
              </dd>
            </div>
            <div>
              <dt
                className="typo-etikett-liten"
              >
                Kontonummer
              </dt>
              <dd
                className="typo-normal"
              >
                <span
                  className="c5"
                >
                  <span>
                    3517
                  </span>
                  <span>
                    91
                  </span>
                  <span>
                    78779
                  </span>
                </span>
              </dd>
            </div>
            <div>
              <dt
                className="typo-etikett-liten"
              >
                Inntekstsperiode
              </dt>
              <dd
                className="typo-normal"
              >
                Månedlig
              </dd>
            </div>
            <div>
              <dt
                className="typo-etikett-liten"
              >
                Inntekt for perioden
              </dt>
              <dd
                className="typo-normal"
              >
                40,062.00 NOK
              </dd>
            </div>
            <div>
              <dt
                className="typo-etikett-liten"
              >
                Refusjonstype
              </dt>
              <dd
                className="typo-normal"
              >
                Ikke refusjon
              </dd>
            </div>
            <div>
              <dt
                className="typo-etikett-liten"
              >
                Refusjon til dato
              </dt>
              <dd
                className="typo-normal"
              >
                11.02.2019
              </dd>
            </div>
            <div>
              <dt
                className="typo-etikett-liten"
              >
                Sykepenger fra og med
              </dt>
              <dd
                className="typo-normal"
              >
                10.02.2019
              </dd>
            </div>
          </dl>
        </li>
      </ol>
      <button
        className="knapp knapp--hoved"
        disabled={false}
        onClick={[Function]}
        type="submit"
      >
        Vis alle arbeidsforhold
      </button>
    </div>
  </div>
  <ol>
    <li
      className="c6"
    >
      <h3
        className="typo-normal"
      >
        <span
          className="c7"
        >
          <span
            className="c8"
          >
            Periode 1 - 29.04.2017
          </span>
        </span>
      </h3>
      <article
        className="c9"
      >
        <div
          className="c10"
        >
          <dl
            className="c3"
          >
            <div>
              <dt
                className="typo-etikett-liten"
              >
                Arbeidsprosent mor
              </dt>
              <dd
                className="typo-normal"
              >
                58%
              </dd>
            </div>
            <div>
              <dt
                className="typo-etikett-liten"
              >
                Mors situasjon
              </dt>
              <dd
                className="typo-normal"
              >
                nobis sit quo et quis
              </dd>
            </div>
            <div>
              <dt
                className="typo-etikett-liten"
              >
                Disponibel gradering
              </dt>
              <dd
                className="typo-normal"
              >
                9%
              </dd>
            </div>
            <div>
              <dt
                className="typo-etikett-liten"
              >
                Forskyvelsesperiode
              </dt>
              <dd
                className="typo-normal"
              >
                08.10.2014 - 22.08.2014
              </dd>
            </div>
            <div>
              <dt
                className="typo-etikett-liten"
              >
                Andre forskyvelsesperiode
              </dt>
              <dd
                className="typo-normal"
              >
                09.12.2014 - 26.08.2014
              </dd>
            </div>
            <div>
              <dt
                className="typo-etikett-liten"
              >
                Midlertidig stans
              </dt>
              <dd
                className="typo-normal"
              >
                2019-02-10
              </dd>
            </div>
            <div>
              <dt
                className="typo-etikett-liten"
              >
                Stansårsak
              </dt>
              <dd
                className="typo-normal"
              >
                Avsluttet
              </dd>
            </div>
            <div>
              <dt
                className="typo-etikett-liten"
              >
                Avslått
              </dt>
              <dd
                className="typo-normal"
              >
                Avslått
              </dd>
            </div>
            <div>
              <dt
                className="typo-etikett-liten"
              >
                Mødrekvote
              </dt>
              <dd
                className="typo-normal"
              >
                —
              </dd>
            </div>
            <div>
              <dt
                className="typo-etikett-liten"
              >
                Rett til Mødrekvote
              </dt>
              <dd
                className="typo-normal"
              >
                Ingen rett til mødrekvote
              </dd>
            </div>
            <div>
              <dt
                className="typo-etikett-liten"
              >
                Aleneomsorg Mor
              </dt>
              <dd
                className="typo-normal"
              >
                —
              </dd>
            </div>
            <div>
              <dt
                className="typo-etikett-liten"
              >
                Fedrekvote
              </dt>
              <dd
                className="typo-normal"
              >
                —
              </dd>
            </div>
            <div>
              <dt
                className="typo-etikett-liten"
              >
                Rett til Fedrekvote
              </dt>
              <dd
                className="typo-normal"
              >
                Rett til fedrekvote
              </dd>
            </div>
            <div>
              <dt
                className="typo-etikett-liten"
              >
                Aleneomsorg Far
              </dt>
              <dd
                className="typo-normal"
              >
                —
              </dd>
            </div>
          </dl>
        </div>
        <section
          className="c11"
        >
          <div
            className="c12"
          >
            <h4
              className="typo-undertittel"
            >
              Kommende utbetalinger
            </h4>
          </div>
          <div
            className="typo-normal c13"
          >
            <table
              role="table"
            >
              <thead
                role="rowgroup"
              >
                <tr
                  role="row"
                >
                  <th
                    role="columnheader"
                  >
                    Registeringsdato
                  </th>
                  <th
                    role="columnheader"
                  >
                    Type
                  </th>
                  <th
                    role="columnheader"
                  >
                    Periode
                  </th>
                  <th
                    role="columnheader"
                  >
                    Utbetalingsgrad
                  </th>
                  <th
                    role="columnheader"
                  >
                    Dagsats
                  </th>
                  <th
                    role="columnheader"
                  >
                    Bruttobeløp
                  </th>
                  <th
                    role="columnheader"
                  >
                    Arbeidsgiver
                  </th>
                  <th
                    role="columnheader"
                  >
                    Orgnummer
                  </th>
                  <th
                    role="columnheader"
                  >
                    Saksbehandler
                  </th>
                </tr>
              </thead>
              <tbody
                role="rowgroup"
              >
                <tr
                  role="row"
                >
                  <td
                    role="cell"
                  >
                    25.06.2018
                  </td>
                  <td
                    role="cell"
                  >
                    KONTOØVERFØRING
                  </td>
                  <td
                    role="cell"
                  >
                    14.01.2018 - 15.07.2017
                  </td>
                  <td
                    role="cell"
                  >
                    79%
                  </td>
                  <td
                    role="cell"
                  >
                    705.00 NOK
                  </td>
                  <td
                    role="cell"
                  >
                    466.00 NOK
                  </td>
                  <td
                    role="cell"
                  >
                    Vedvik - Lunde
                  </td>
                  <td
                    role="cell"
                  >
                    1234567890
                  </td>
                  <td
                    role="cell"
                  >
                    Mari Johannessen
                  </td>
                </tr>
              </tbody>
            </table>
          </div>
        </section>
        <section>
          <div
            className="c14"
          >
            <div
              className="c12"
            >
              <h4
                className="typo-undertittel"
              >
                Utførte utbetalinger
              </h4>
            </div>
          </div>
        </section>
      </article>
    </li>
  </ol>
</article>
`;
