// Jest Snapshot v1, https://goo.gl/fbAQLP

exports[`Viser meldingercontainer med alt innhold 1`] = `
.c12 {
  -webkit-box-flex: 1;
  -webkit-flex-grow: 1;
  -ms-flex-positive: 1;
  flex-grow: 1;
  display: -webkit-box;
  display: -webkit-flex;
  display: -ms-flexbox;
  display: flex;
  -webkit-box-pack: center;
  -webkit-justify-content: center;
  -ms-flex-pack: center;
  justify-content: center;
  -webkit-align-items: center;
  -webkit-box-align: center;
  -ms-flex-align: center;
  align-items: center;
  -webkit-animation: fYGRJE 0.3s ease-out;
  animation: fYGRJE 0.3s ease-out;
}

.c12 > * {
  -webkit-flex: 0 1 25rem;
  -ms-flex: 0 1 25rem;
  flex: 0 1 25rem;
  display: -webkit-box;
  display: -webkit-flex;
  display: -ms-flexbox;
  display: flex;
  -webkit-box-pack: center;
  -webkit-justify-content: center;
  -ms-flex-pack: center;
  justify-content: center;
}

.c5 {
  padding: .8rem;
  display: -webkit-box;
  display: -webkit-flex;
  display: -ms-flexbox;
  display: flex;
  -webkit-align-items: center;
  -webkit-box-align: center;
  -ms-flex-align: center;
  align-items: center;
  cursor: pointer;
}

.c5:hover {
  box-shadow: inset 0 0 0 0.1rem #0067c5,0 0.1rem 0.1rem rgba(0,0,0,0.2);
}

.c5:hover > button:last-child {
  padding-left: 0.5rem;
}

.c5 > *:first-child {
  -webkit-box-flex: 1;
  -webkit-flex-grow: 1;
  -ms-flex-positive: 1;
  flex-grow: 1;
}

.c11 {
  border: none;
  padding: 0;
  height: 2rem;
  width: 2rem;
  border-radius: .35rem;
  cursor: pointer;
  background-color: transparent;
  -webkit-transition: padding-left 0.3s;
  transition: padding-left 0.3s;
}

.c11:focus {
  outline: none;
  box-shadow: 0 0 0 0.1875rem #254b6d;
}

.c7 {
  position: relative;
}

.c7 svg {
  height: 1.875rem;
  width: 1.875rem;
  -webkit-clip-path: polygon(0 0,79% 0,79% 46%,100% 46%,100% 100%,0 100%);
  clip-path: polygon(0 0,79% 0,79% 46%,100% 46%,100% 100%,0 100%);
}

.c8 {
  position: absolute;
  top: -0.1875rem;
  right: 0.5625rem;
  border-radius: 50%;
  padding: 0 0.1rem;
}

.c9 {
  display: -webkit-box;
  display: -webkit-flex;
  display: -ms-flexbox;
  display: flex;
  -webkit-flex-direction: column;
  -ms-flex-direction: column;
  flex-direction: column;
}

.c9 .order-first {
  -webkit-order: 0;
  -ms-flex-order: 0;
  order: 0;
}

.c9 .order-second {
  -webkit-order: 1;
  -ms-flex-order: 1;
  order: 1;
}

.c6 {
  display: -webkit-box;
  display: -webkit-flex;
  display: -ms-flexbox;
  display: flex;
}

.c6 > *:first-child {
  padding-right: .8rem;
}

.c4:focus {
  outline: none;
  box-shadow: 0 0 0 0.1875rem #254b6d;
}

.c10 {
  display: -webkit-box;
  display: -webkit-flex;
  display: -ms-flexbox;
  display: flex;
  -webkit-flex-wrap: wrap;
  -ms-flex-wrap: wrap;
  flex-wrap: wrap;
  -webkit-align-items: flex-start;
  -webkit-box-align: flex-start;
  -ms-flex-align: flex-start;
  align-items: flex-start;
  margin-top: 0.2rem;
}

.c10 > *:not(:last-child) {
  margin-bottom: 0.2rem;
  margin-right: 0.2rem;
}

.c2 {
  padding: .8rem;
}

.c1 {
  border-radius: 0.25rem;
  background-color: white;
  box-shadow: 0 0 0.5rem rgba(0,0,0,0.1),0 0 0 1px rgba(0,0,0,0.1);
}

.c1 ol {
  list-style: none;
}

.c3 > *:not(:first-child) {
  border-top: solid 0.0625rem #b7b1a9;
}

.c0 {
  position: relative;
}

.c0 > * {
  margin-bottom: .8rem;
}

.c0 > *:first-child {
  -webkit-flex: 30% 1 1;
  -ms-flex: 30% 1 1;
  flex: 30% 1 1;
}

.c0 > *:last-child {
  -webkit-flex: 70% 1 1;
  -ms-flex: 70% 1 1;
  flex: 70% 1 1;
}

@media (min-width:62.5rem) {
  .c0 {
    display: -webkit-box;
    display: -webkit-flex;
    display: -ms-flexbox;
    display: flex;
    -webkit-align-items: flex-start;
    -webkit-box-align: flex-start;
    -ms-flex-align: flex-start;
    align-items: flex-start;
    max-height: 100%;
  }

  .c0 > *:last-child {
    margin-left: .8rem;
  }

  .c0 > * {
    overflow-y: auto;
    max-height: 100%;
  }
}

<article
  className="c0"
>
  <nav
    className="c1"
  >
    <div
      className="c2"
    >
      <div
        className="skjemaelement move-input-label"
      >
        <label
          className="skjemaelement__label"
          htmlFor="Helt tilfeldig ID"
        >
          SÃ¸k etter melding
        </label>
        <input
          className="skjemaelement__input input--fullbredde"
          id="Helt tilfeldig ID"
          type="text"
        />
        <div
          aria-live="assertive"
          role="alert"
        />
      </div>
    </div>
    <ol
      className="c3"
    >
      <li
        className="test-meldinger-melding c4"
        tabIndex={-1}
      >
        <div
          className="c5"
          onClick={[Function]}
        >
          <div>
            <div
              className="c6"
            >
              <span
                className="c7"
              >
                <svg
                  height={24}
                  viewBox="0 0 24 24"
                  width={24}
                  xmlns="http://www.w3.org/2000/svg"
                >
                  <g
                    fill="none"
                    stroke="#000"
                    strokeLinejoin="round"
                    strokeMiterlimit="10"
                  >
                    <path
                      d="M7.44 14.564c-.489-.066-.971-.17-1.44-.314l-5 2 2-3.5c-1.573-1.259-2.5-3.125-2.5-5.064 0-3.83 3.806-6.936 8.5-6.936s8.5 3.106 8.5 6.936"
                    />
                    <path
                      d="M9.5 16.25c0 4.289 5 7.5 9.5 5.5l4 1.5-1.5-3c1.296-1.037 2-2.402 2-4 0-3.154-3.134-6-7-6s-7 2.846-7 6z"
                    />
                  </g>
                </svg>
                <p
                  className="typo-undertekst-bold c8"
                >
                  4
                </p>
              </span>
              <div>
                <div
                  className="c9"
                >
                  <p
                    className="typo-element order-second"
                  >
                    Delsvar - Arbeid
                  </p>
                  <p
                    className="typo-normal order-first"
                  >
                    13.08.2019 00:00
                  </p>
                </div>
                <div
                  className="c10"
                >
                  <div
                    className="etikett etikett--fokus"
                  >
                    <span
                      className="typo-normal"
                    >
                      Under arbeid
                    </span>
                  </div>
                </div>
              </div>
            </div>
          </div>
          <button
            aria-label="Vis meldinger for Delsvar - Arbeid"
            aria-selected={false}
            className="c11"
          >
            <i
              className="nav-frontend-chevron chevronboks chevron--stor chevron--hoyre"
            />
          </button>
        </div>
      </li>
    </ol>
  </nav>
  <div>
    <div
      className="c12"
    />
  </div>
</article>
`;
