// Jest Snapshot v1, https://goo.gl/fbAQLP

exports[`viser persons√∏k-komponent 1`] = `null`;
