// Jest Snapshot v1, https://goo.gl/fbAQLP

exports[`Sykemelding matcher snapshot 1`] = `
.c1 {
  display: -webkit-box;
  display: -webkit-flex;
  display: -ms-flexbox;
  display: flex;
  -webkit-flex-wrap: wrap;
  -ms-flex-wrap: wrap;
  flex-wrap: wrap;
}

.c1 dt {
  color: #78706a;
}

.c1 dd {
  font-weight: bold;
  margin-top: 0.3rem;
}

.c1 > div {
  margin: 0.9375rem 0;
  padding-right: 1rem;
  width: 13rem;
  overflow-wrap: break-word;
}

.c0 {
  border-radius: 0.5rem;
  background-color: #e9e7e7;
  box-shadow: inset 0 0 0 0.3rem white,inset 0 0 0 0.35rem rgba(0,0,0,0.1);
  padding: 1.25rem;
}

.c2 {
  overflow: auto;
  box-shadow: 0 0 0 0.05rem rgba(0,0,0,0.25);
  border-radius: .25rem;
  background-color: white;
}

.c2 table {
  text-align: left;
  width: 100%;
}

.c2 table thead {
  border-bottom: 0.2rem solid rgba(0,0,0,0.15);
  font-weight: bold;
}

.c2 table th,
.c2 table td {
  padding: 0.7rem;
  vertical-align: middle;
}

.c2 table th {
  padding-bottom: 0.7rem;
}

.c2 table tr:nth-child(even) {
  background-color: rgba(0,0,0,0.1);
}

<div
  className="c0"
>
  <h3
    className="typo-ingress"
  >
    Sykmelding
  </h3>
  <dl
    className="c1"
  >
    <div>
      <dt
        className="typo-etikett-liten"
      >
        Periode
      </dt>
      <dd
        className="typo-normal"
      >
        09.02.2014 - 11.05.2014
      </dd>
    </div>
    <div>
      <dt
        className="typo-etikett-liten"
      >
        Behandlingsdato
      </dt>
      <dd
        className="typo-normal"
      >
        01.04.2018
      </dd>
    </div>
    <div>
      <dt
        className="typo-etikett-liten"
      >
        Sykmelder
      </dt>
      <dd
        className="typo-normal"
      >
        Lommelegen AS
      </dd>
    </div>
  </dl>
  <div
    className="typo-normal c2"
  >
    <table
      role="table"
    >
      <thead
        role="rowgroup"
      >
        <tr
          role="row"
        >
          <th
            role="columnheader"
          >
            Periode
          </th>
          <th
            role="columnheader"
          >
            Gradering
          </th>
        </tr>
      </thead>
      <tbody
        role="rowgroup"
      >
        <tr
          role="row"
        >
          <td
            role="cell"
          >
            28.07.2014 - 03.01.2014
          </td>
          <td
            role="cell"
          >
            89%
          </td>
        </tr>
      </tbody>
    </table>
  </div>
</div>
`;
