// Jest Snapshot v1, https://goo.gl/fbAQLP

exports[`viser foreldreansvar 1`] = `
.c0 {
  position: relative;
  display: -webkit-box;
  display: -webkit-flex;
  display: -ms-flexbox;
  display: flex;
  -webkit-align-items: center;
  -webkit-box-align: center;
  -ms-flex-align: center;
  align-items: center;
}

.c1 {
  position: absolute;
  left: -3.125rem;
  width: 3.125rem;
  display: -webkit-box;
  display: -webkit-flex;
  display: -ms-flexbox;
  display: flex;
  -webkit-box-pack: center;
  -webkit-justify-content: center;
  -ms-flex-pack: center;
  justify-content: center;
}

.c1 > svg {
  height: 1.5rem;
  width: auto;
}

.c2 {
  margin-bottom: 1rem;
}

.c3 {
  margin: 10px 0 20px 0;
}

.c3:last-child {
  margin: 10px 0 0 0;
}

<section>
  <div
    className="c0"
  >
    <div
      className="c1"
    >
      <svg
        fill="#0067C5"
        height="1em"
        viewBox="0 0 24 24"
        width="1em"
      >
        <path
          clip-rule="evenodd"
          d="M12 0c6.627 0 12 5.373 12 12s-5.373 12-12 12S0 18.627 0 12 5.373 0 12 0zm0 2C6.477 2 2 6.477 2 12s4.477 10 10 10 10-4.477 10-10S17.523 2 12 2zM9 19v-2h2v-5H9v-2h4v7h2v2H9zm3-14a1.5 1.5 0 110 3 1.5 1.5 0 010-3z"
          fill="#0067C5"
          fill-rule="evenodd"
        />
      </svg>
    </div>
    <h3
      className="typo-undertittel"
    >
      Foreldreansvar
    </h3>
  </div>
  <div
    className="c2"
  />
  <div
    className="c3"
  >
    <div
      className="c0"
    >
      
    </div>
    <p
      className="typo-normal"
    >
      Ola Normann
      (
      felles
      )
    </p>
  </div>
  <div
    className="c3"
  >
    <div
      className="c0"
    >
      
    </div>
    <p
      className="typo-normal"
    >
      Petter Pettersen
      (
      far
      )
    </p>
  </div>
</section>
`;
