// Jest Snapshot v1, https://goo.gl/fbAQLP

exports[`viser info om bruker i visittkort-header 1`] = `
<div
  className="sc-ifAKCX hMtwKY"
>
  <div
    className="sc-EHOje UXQEB"
  >
    <div
      className="sc-bZQynM gSaPyk"
    >
      <img
        alt="Mann"
        src="mann.svg"
      />
    </div>
    <div
      className="sc-gzVnrw cfMaXP"
    >
      <h2
        className="typo-undertittel"
      >
        AREMARK TESTFAMILIEN
         (
        42
        )
      </h2>
      <p
        className="typo-undertekst"
      >
        <span
          className="sc-bxivhb jNgUAM"
        >
          10108000398
           
          <span
            className="sc-htpNat gVwGYF"
          >
            NORSK
             / 
            Gift
             / 
            Ingen barn under 21 Ã¥r 
          </span>
        </span>
      </p>
    </div>
  </div>
  <div
    className="sc-htoDjs cTcjGg"
  >
    <div
      className="sc-bwzfXH eCbFXJ"
    >
      <div
        className="etikett etikett--advarsel"
      >
        <span
          className="typo-normal"
        >
          Fortrolig adresse
        </span>
      </div>
    </div>
    <p
      className="typo-undertekst"
    >
      <span
        className="sc-bdVaJa ktDPVU"
      >
        Nav-enhet / 
        0118
         
        Nav Aremark
      </span>
    </p>
  </div>
</div>
`;
