// Jest Snapshot v1, https://goo.gl/fbAQLP

exports[`Viser utbetalingsdetaljer riktig med liste med ytelser og trekk 1`] = `
.c0 {
  margin: .5rem 0;
  opacity: .8;
}

.c0 th {
  font-weight: bold;
}

.c1 {
  border-top: 2px solid #efefef;
  margin: .5rem 0;
}

<div
  className="c0"
>
  <span
    className="typo-undertekst"
  >
    <table>
      <thead>
        <tr>
          <th>
            Konto
          </th>
          <th>
            Brutto
          </th>
          <th>
            Trekk
          </th>
          <th>
            Utbetalt
          </th>
        </tr>
      </thead>
      <tbody>
        <tr>
          <td>
            123
          </td>
          <td>
            13,370.00
          </td>
          <td>
            -1,984.00
          </td>
          <td>
            11,386.00
          </td>
        </tr>
      </tbody>
    </table>
  </span>
  <div
    className="c1"
  />
  <span
    className="typo-undertekst"
  >
    <table>
      <thead>
        <tr>
          <th>
            Detaljer
          </th>
          <th>
            Sats
          </th>
          <th>
            Antall
          </th>
          <th>
            Bel√∏p
          </th>
        </tr>
      </thead>
      <tbody>
        <tr>
          <td>
            Mouse
          </td>
          <td>
            1,930.00
          </td>
          <td>
            2
          </td>
          <td>
            3,860.00
          </td>
        </tr>
        <tr>
          <td>
            Computer
          </td>
          <td>
            1,310.00
          </td>
          <td>
            3
          </td>
          <td>
            3,930.00
          </td>
        </tr>
        <tr>
          <td>
            Bacon
          </td>
          <td>
            558.00
          </td>
          <td>
            10
          </td>
          <td>
            5,580.00
          </td>
        </tr>
        <tr>
          <td>
            Skattetrekk
          </td>
          <td>
            
          </td>
          <td>
            
          </td>
          <td>
            -730.00
          </td>
        </tr>
        <tr>
          <td>
            Prosenttrekk
          </td>
          <td>
            
          </td>
          <td>
            
          </td>
          <td>
            -1,042.00
          </td>
        </tr>
        <tr>
          <td>
            Prosenttrekk
          </td>
          <td>
            
          </td>
          <td>
            
          </td>
          <td>
            -212.00
          </td>
        </tr>
      </tbody>
    </table>
  </span>
  <div
    className="c1"
  />
  <h4
    className="typo-undertekst-bold"
  >
    Melding
  </h4>
  <p
    className="typo-undertekst"
  >
    Dette er en melding
  </p>
</div>
`;
