// Jest Snapshot v1, https://goo.gl/fbAQLP

exports[`Viser Traadliste 1`] = `
.c9 {
  position: relative;
}

.c9 svg {
  height: 1.5625rem;
  width: 1.5625rem;
  opacity: 0.4;
}

.c10 {
  position: absolute;
  top: -0.1875rem;
  right: -0.5rem;
  background-color: #78706a;
  color: white;
  height: 1.1rem;
  width: 1.1rem;
  display: -webkit-box;
  display: -webkit-flex;
  display: -ms-flexbox;
  display: flex;
  -webkit-align-items: center;
  -webkit-box-align: center;
  -ms-flex-align: center;
  align-items: center;
  -webkit-box-pack: center;
  -webkit-justify-content: center;
  -ms-flex-pack: center;
  justify-content: center;
  border-radius: 50%;
}

.c11 {
  display: -webkit-box;
  display: -webkit-flex;
  display: -ms-flexbox;
  display: flex;
  -webkit-flex-direction: column;
  -ms-flex-direction: column;
  flex-direction: column;
  -webkit-box-flex: 1;
  -webkit-flex-grow: 1;
  -ms-flex-positive: 1;
  flex-grow: 1;
  width: 0;
  margin-left: 0.8rem;
  overflow-wrap: break-word;
}

.c11 .order-first {
  -webkit-order: 0;
  -ms-flex-order: 0;
  order: 0;
}

.c11 .order-second {
  -webkit-order: 1;
  -ms-flex-order: 1;
  order: 1;
}

.c11 .order-third {
  -webkit-order: 3;
  -ms-flex-order: 3;
  order: 3;
}

.c13 {
  display: -webkit-box;
  display: -webkit-flex;
  display: -ms-flexbox;
  display: flex;
  -webkit-flex-wrap: wrap;
  -ms-flex-wrap: wrap;
  flex-wrap: wrap;
  -webkit-align-items: flex-start;
  -webkit-box-align: flex-start;
  -ms-flex-align: flex-start;
  align-items: flex-start;
  margin-top: 0.2rem;
}

.c13 > *:not(:last-child) {
  margin-bottom: 0.2rem;
  margin-right: 0.2rem;
}

.c12 {
  display: -webkit-box;
  display: -webkit-flex;
  display: -ms-flexbox;
  display: flex;
  -webkit-flex-direction: column;
  -ms-flex-direction: column;
  flex-direction: column;
}

.c12 .order-first {
  -webkit-order: 0;
  -ms-flex-order: 0;
  order: 0;
}

.c12 .order-second {
  -webkit-order: 1;
  -ms-flex-order: 1;
  order: 1;
}

.c8 {
  display: -webkit-box;
  display: -webkit-flex;
  display: -ms-flexbox;
  display: flex;
}

.c8 > *:last-child {
  -webkit-box-flex: 1;
  -webkit-flex-grow: 1;
  -ms-flex-positive: 1;
  flex-grow: 1;
}

.c14 {
  text-overflow: ellipsis;
  overflow: hidden;
  white-space: nowrap;
}

.c6 {
  padding: .5rem;
  display: -webkit-box;
  display: -webkit-flex;
  display: -ms-flexbox;
  display: flex;
  cursor: pointer;
}

.c7 {
  -webkit-box-flex: 1;
  -webkit-flex-grow: 1;
  -ms-flex-positive: 1;
  flex-grow: 1;
}

.c5 {
  background-color: #cce1f3;
}

.c5:focus-within {
  position: relative;
  outline: none;
  box-shadow: none;
}

.c5:focus-within::after {
  position: absolute;
  top: 0;
  left: 0;
  content: '';
  box-shadow: inset 0 0 0 0.1875rem #254b6d;
  height: 100%;
  width: 100%;
  pointer-events: none;
}

.c5 .hover-animation {
  -webkit-transition: -webkit-transform 0.3s;
  -webkit-transition: transform 0.3s;
  transition: transform 0.3s;
}

.c5:hover {
  box-shadow: inset 0 0 0 0.1rem #0067c5,0 0.1rem 0.1rem rgba(0,0,0,0.2);
}

.c5:hover .hover-animation {
  -webkit-transform: translateX(0.5rem);
  -ms-transform: translateX(0.5rem);
  transform: translateX(0.5rem);
}

.c15 {
  -webkit-align-self: center;
  -ms-flex-item-align: center;
  align-self: center;
}

.c15 .nav-frontend-chevron {
  width: 1.5625rem;
}

.c0 {
  border-radius: 0.25rem;
  background-color: white;
  box-shadow: 0 0 0.5rem rgba(0,0,0,0.1),0 0 0 1px rgba(0,0,0,0.1);
}

.c0 ol {
  list-style: none;
}

.c3 {
  padding: 0 .5rem .5rem;
  display: -webkit-box;
  display: -webkit-flex;
  display: -ms-flexbox;
  display: flex;
  -webkit-flex-direction: row;
  -ms-flex-direction: row;
  flex-direction: row;
  -webkit-box-pack: justify;
  -webkit-justify-content: space-between;
  -ms-flex-pack: justify;
  justify-content: space-between;
}

.c4 > * {
  border-top: solid 0.0625rem #78706a;
}

.c4:focus {
  outline: none;
  box-shadow: 0 0 0 0.1875rem #254b6d;
}

.c1 {
  padding: .5rem .5rem 0;
}

.c1 .skjemaelement {
  margin-bottom: 0.2rem;
}

.c1 .skjemaelement__label {
  position: absolute !important;
  height: 1px;
  width: 1px;
  overflow: hidden;
  -webkit-clip: rect(1px 1px 1px 1px);
  clip: rect(1px 1px 1px 1px);
  -webkit-clip: rect(1px,1px,1px,1px);
  clip: rect(1px,1px,1px,1px);
}

.c2 {
  padding: .5rem;
  margin-bottom: 0 !important;
}

<nav
  aria-label="Velg melding"
  className="c0"
>
  <article
    aria-labelledby="Helt tilfeldig ID"
  >
    <h3
      className="sr-only"
      id="Helt tilfeldig ID"
    >
      Filtrer meldinger
    </h3>
    <div
      className="c1"
    >
      <div
        className="skjemaelement move-input-label"
      >
        <label
          className="skjemaelement__label"
          htmlFor="Helt tilfeldig ID"
        >
          Søk etter melding
        </label>
        <input
          className="skjemaelement__input input--fullbredde"
          id="Helt tilfeldig ID"
          onChange={[Function]}
          placeholder="Søk etter melding"
          type="text"
          value=""
        />
        <div
          aria-live="assertive"
          role="alert"
        />
      </div>
    </div>
    <div
      className="skjemaelement skjemaelement--horisontal c2"
    >
      <input
        checked={false}
        className="skjemaelement__input checkboks"
        id="Helt tilfeldig ID"
        onChange={[Function]}
        type="checkbox"
      />
      <label
        className="skjemaelement__label"
        htmlFor="Helt tilfeldig ID"
      >
        Skjul varsler
      </label>
      <div
        aria-live="assertive"
        role="alert"
      />
    </div>
    <div
      className="c3"
    >
      <p
        aria-live="assertive"
        className="typo-normal"
      >
        Totalt 1 melding
      </p>
    </div>
  </article>
  <h3
    className="sr-only"
    id="Helt tilfeldig ID"
  >
    Meldingsliste - 
    Totalt 1 melding
  </h3>
  <ol
    aria-labelledby="Helt tilfeldig ID"
    className="c4"
    tabIndex={-1}
  >
    <li
      className="c5"
    >
      <input
        checked={true}
        className="sr-only test-meldinger-melding valgt_melding  "
        id="Helt tilfeldig ID"
        name="traadliste-meldinger"
        onChange={[Function]}
        type="radio"
        value="sg838exr"
      />
      <label
        className="c6"
        htmlFor="Helt tilfeldig ID"
      >
        <div
          className="c7"
        >
          <div
            className="c8"
          >
            <span
              className="sr-only"
            >
              (
              4
              )
            </span>
            <span
              className="c9"
            >
              <svg
                viewBox="0 0 24 24"
                xmlns="http://www.w3.org/2000/svg"
              >
                <g
                  fill="#3e3832"
                >
                  <path
                    d="M16.5 8.75c.476 0 .941.045 1.399.115.065-.379.101-.771.101-1.18C18 3.585 13.962.25 9 .25c-4.963 0-9 3.335-9 7.435 0 1.962.855 3.826 2.36 5.178l-1.794 3.14a.5.5 0 00.62.712l4.839-1.937c.435.124.887.218 1.348.281.022.002.065-.005.075.004.075 0 .319-.002.678-.022.679-3.514 4.233-6.291 8.374-6.291z"
                  />
                  <path
                    d="M16.5 9.75c-4.065 0-7.5 2.977-7.5 6.5 0 3.355 2.878 6.224 6.434 6.572a7.581 7.581 0 003.578-.534l3.813 1.43a.498.498 0 00.623-.691l-1.325-2.65C23.327 19.289 24 17.868 24 16.25c0-3.523-3.435-6.5-7.5-6.5z"
                  />
                </g>
              </svg>
              <p
                aria-hidden="true"
                className="typo-undertekst c10"
              >
                4
              </p>
            </span>
            <div
              className="c11"
            >
              <div
                className="order-first c12"
              >
                <p
                  className="typo-element order-second"
                >
                  Delsvar - Arbeid
                </p>
                <p
                  className="typo-normal order-first"
                >
                  27.07.2019 00:00
                </p>
              </div>
              <div
                className="order-third c13"
              >
                <div
                  className="etikett etikett--fokus"
                >
                  <span
                    className="typo-normal"
                  >
                    Under arbeid
                  </span>
                </div>
                <div
                  className="etikett etikett--info"
                >
                  <span
                    className="typo-normal"
                  >
                    Delvis besvart
                  </span>
                </div>
              </div>
              <p
                className="typo-normal order-second c14"
              >
                Dolores omnis ea voluptatem corrupti odit incidunt enim. Unde fugiat sed animi explicabo maiores. Nihil cum accusamus omnis officiis deserunt est. Qui quisquam unde aut magni dignissimos.
              </p>
            </div>
          </div>
        </div>
        <div
          className="hover-animation c15"
        >
          <i
            className="nav-frontend-chevron chevronboks chevron--hoyre"
          />
        </div>
      </label>
    </li>
  </ol>
</nav>
`;
