// Jest Snapshot v1, https://goo.gl/fbAQLP

exports[`Kommende utbetalinger matcher snapshot 1`] = `
Array [
  .c1 > li {
  display: -webkit-box;
  display: -webkit-flex;
  display: -ms-flexbox;
  display: flex;
  -webkit-box-pack: justify;
  -webkit-justify-content: space-between;
  -ms-flex-pack: justify;
  justify-content: space-between;
  margin-bottom: 0.5rem;
}

.c1 > li > *:first-child {
  margin-right: 2rem;
}

.c0 {
  overflow: auto;
  border: solid 1px rgba(0,0,0,0.15);
}

.c0 table {
  text-align: left;
  width: 100%;
}

.c0 table thead {
  border-bottom: 0.2rem solid rgba(0,0,0,0.1);
  font-weight: bold;
}

.c0 table th,
.c0 table td {
  padding: 0.7rem;
  vertical-align: bottom;
}

.c0 table th {
  padding-bottom: 0.7rem;
}

.c0 table tr:nth-child(even) {
  background-color: rgba(0,0,0,0.05);
}

<div
    className="typo-normal c0"
  >
    <table
      role="table"
    >
      <thead
        role="rowgroup"
      >
        <tr
          role="row"
        >
          <th
            role="columnheader"
          >
            Type
          </th>
          <th
            role="columnheader"
          >
            Netto
          </th>
          <th
            role="columnheader"
          >
            Dato
          </th>
          <th
            role="columnheader"
          >
            Periode
          </th>
          <th
            role="columnheader"
          >
            Bruttobeløp
          </th>
          <th
            role="columnheader"
          >
            Arbeidsgiver
          </th>
          <th
            role="columnheader"
          >
            Orgnummer
          </th>
          <th
            role="columnheader"
          >
            Skattetrekk
          </th>
          <th
            role="columnheader"
          >
            Kreditortrekk
          </th>
        </tr>
      </thead>
      <tbody
        role="rowgroup"
      >
        <tr
          role="row"
        >
          <td
            role="cell"
          >
            Foreldrepenger
          </td>
          <td
            role="cell"
          >
            11,386.00 NOK
          </td>
          <td
            role="cell"
          >
            29.03.2017
          </td>
          <td
            role="cell"
          >
            09.11.2016 - 31.10.2017
          </td>
          <td
            role="cell"
          >
            13,370.00 NOK
          </td>
          <td
            role="cell"
          >
            Ensjø Bistro
          </td>
          <td
            role="cell"
          >
            1234556678235
          </td>
          <td
            role="cell"
          >
            -730.00 NOK
          </td>
          <td
            role="cell"
          >
            <ul
              className="c1"
            >
              <li>
                <span>
                  Bjerke, Berntsen and Nilsen
                </span>
                 
                <span>
                  -1,042.00
                   NOK
                </span>
              </li>
              <li>
                <span>
                  Olsen AS
                </span>
                 
                <span>
                  -212.00
                   NOK
                </span>
              </li>
            </ul>
          </td>
        </tr>
      </tbody>
    </table>
  </div>,
  .c0 {
  display: -webkit-box;
  display: -webkit-flex;
  display: -ms-flexbox;
  display: flex;
  -webkit-box-pack: center;
  -webkit-justify-content: center;
  -ms-flex-pack: center;
  justify-content: center;
}

<div
    className="c0"
  >
    <button
      className="knapp knapp--standard"
      disabled={false}
      onClick={[Function]}
      type="submit"
    >
      Hent alle utførte utbetalinger
    </button>
  </div>,
]
`;
