// Jest Snapshot v1, https://goo.gl/fbAQLP

exports[`viser info om bruker i visittkortbody 1`] = `
<div
  className="sc-cSHVUG dLfBzr"
>
  <div
    className="sc-kAzzGY hIoXoN"
  >
    <div
      className="sc-chPdSV lAsEh"
    >
      <p
        className="typo-element"
      >
        <span
          className="sc-kgoBCf gvexpI"
        >
          Kontakt
        </span>
      </p>
      <div
        className="sc-dnqmqq lhVNBn"
      >
        <div
          className="sc-iwsKbI jYIAlx"
        >
          <img
            alt="Postadresse Folkeregistrert"
            src="location-pin.svg"
            title="Postadresse Folkeregistrert"
          />
        </div>
        <div
          className="sc-gZMcBi ikPRxU"
        >
          <p
            className="typo-etikett-liten"
          >
            <span
              className="sc-gqjmRU dugoZX"
            >
              Postadresse Folkeregistrert
            </span>
          </p>
          <p
            className="typo-undertekst"
          >
            Lorem ipsum dolor sit amet, consectetur adipisicing elit. Facilis neque nobis sint tempora. Quos, tenetur!
          </p>
        </div>
      </div>
      <div
        className="sc-dnqmqq lhVNBn"
      >
        <div
          className="sc-iwsKbI jYIAlx"
        >
          <img
            alt="Postadresse Midlertidig Norge"
            src="location-pin.svg"
            title="Postadresse Midlertidig Norge"
          />
        </div>
        <div
          className="sc-gZMcBi ikPRxU"
        >
          <p
            className="typo-etikett-liten"
          >
            <span
              className="sc-gqjmRU dugoZX"
            >
              Postadresse Midlertidig Norge
            </span>
          </p>
          <p
            className="typo-undertekst"
          >
            Lorem ipsum dolor sit amet, consectetur adipisicing elit. Et, ipsum.
          </p>
        </div>
      </div>
      <div
        className="sc-dnqmqq lhVNBn"
      >
        <div
          className="sc-iwsKbI jYIAlx"
        >
          <img
            alt="Epost Kontakt- og reservasjonsregisteret"
            src="email.svg"
            title="Epost Kontakt- og reservasjonsregisteret"
          />
        </div>
        <div
          className="sc-gZMcBi ikPRxU"
        >
          <p
            className="typo-etikett-liten"
          >
            <span
              className="sc-gqjmRU dugoZX"
            >
              Epost Kontakt- og reservasjonsregisteret
            </span>
          </p>
          <svg
            aria-label="Laster innhold"
            className="spinner spinner--l"
            focusable="false"
            height={32}
            kind="spinner"
            onClick={undefined}
            preserveAspectRatio="xMidYMid"
            style={undefined}
            viewBox="0 0 100 100"
            width={32}
          >
            <title>
              Venter...
            </title>
            <circle
              cx="50"
              cy="50"
              fill="none"
              r="40"
              stroke="#bdbab7"
              strokeWidth="10"
              xmlns="http://www.w3.org/2000/svg"
            />
            <circle
              cx="50"
              cy="50"
              fill="none"
              r="40"
              stroke="#7f756c"
              strokeDasharray="50 155"
              strokeLinecap="round"
              strokeWidth="10"
            />
          </svg>
        </div>
      </div>
      <div
        className="sc-dnqmqq lhVNBn"
      >
        <div
          className="sc-iwsKbI jYIAlx"
        >
          <img
            alt="Telefon Kontakt- og reservasjonsregisteret"
            src="phone.svg"
            title="Telefon Kontakt- og reservasjonsregisteret"
          />
        </div>
        <div
          className="sc-gZMcBi ikPRxU"
        >
          <p
            className="typo-etikett-liten"
          >
            <span
              className="sc-gqjmRU dugoZX"
            >
              Telefon Kontakt- og reservasjonsregisteret
            </span>
          </p>
          <svg
            aria-label="Laster innhold"
            className="spinner spinner--l"
            focusable="false"
            height={32}
            kind="spinner"
            onClick={undefined}
            preserveAspectRatio="xMidYMid"
            style={undefined}
            viewBox="0 0 100 100"
            width={32}
          >
            <title>
              Venter...
            </title>
            <circle
              cx="50"
              cy="50"
              fill="none"
              r="40"
              stroke="#bdbab7"
              strokeWidth="10"
              xmlns="http://www.w3.org/2000/svg"
            />
            <circle
              cx="50"
              cy="50"
              fill="none"
              r="40"
              stroke="#7f756c"
              strokeDasharray="50 155"
              strokeLinecap="round"
              strokeWidth="10"
            />
          </svg>
        </div>
      </div>
      <div
        className="sc-dnqmqq lhVNBn"
      >
        <div
          className="sc-iwsKbI jYIAlx"
        >
          <img
            alt="Kontonummer"
            src="coins.svg"
            title="Kontonummer"
          />
        </div>
        <div
          className="sc-gZMcBi ikPRxU"
        >
          <p
            className="typo-etikett-liten"
          >
            <span
              className="sc-gqjmRU dugoZX"
            >
              Kontonummer
            </span>
          </p>
          <p
            className="typo-undertekst"
          >
            Ingen kontonummer registrert
          </p>
        </div>
      </div>
    </div>
    <div
      className="sc-chPdSV lAsEh"
    >
      <p
        className="typo-element"
      >
        <span
          className="sc-kgoBCf gvexpI"
        >
          Familie
        </span>
      </p>
      <div
        className="sc-dnqmqq lhVNBn"
      >
        <div
          className="sc-iwsKbI jYIAlx"
        >
          <img
            alt="Sivilstand"
            src="heart.svg"
            title="Sivilstand"
          />
        </div>
        <div
          className="sc-gZMcBi ikPRxU"
        >
          <p
            className="typo-etikett-liten"
          >
            <span
              className="sc-gqjmRU dugoZX"
            >
              Sivilstand
            </span>
          </p>
          <p
            className="typo-undertekst-bold"
          >
            Gift
          </p>
        </div>
      </div>
    </div>
    <div
      className="sc-chPdSV lAsEh"
    >
      <p
        className="typo-element"
      >
        <span
          className="sc-kgoBCf gvexpI"
        >
          Navkontor
        </span>
      </p>
      <div
        className="sc-dnqmqq lhVNBn"
      >
        <div
          className="sc-iwsKbI jYIAlx"
        >
          <img
            alt="Brukers NavKontor"
            src="nav-logo.svg"
            title="Brukers NavKontor"
          />
        </div>
        <div
          className="sc-gZMcBi ikPRxU"
        >
          <p
            className="typo-etikett-liten"
          >
            <span
              className="sc-gqjmRU dugoZX"
            >
              Brukers NavKontor
            </span>
          </p>
          <p
            className="typo-undertekst"
          >
            Nav Aremark
             
            0118
          </p>
          <div>
            <p
              className="typo-undertekst"
            >
              
            Rådhuset 6A
            </p>
            <p
              className="typo-undertekst"
            >
              1798 Aremark
            </p>
            <br />
            <p
              className="typo-etikett-liten"
            >
              Åpningstider
            </p>
            <dl
              className="sc-jzJRlG jDxxvr"
            >
              <dt>
                <p
                  className="typo-undertekst"
                >
                  <span
                    className="sc-fjdhpX chqHmI"
                  >
                    mandag
                  </span>
                </p>
              </dt>
              <dd>
                <p
                  className="typo-undertekst"
                >
                  09.00
                   - 
                  14.30
                </p>
              </dd>
              <dt>
                <p
                  className="typo-undertekst"
                >
                  <span
                    className="sc-fjdhpX chqHmI"
                  >
                    tirsdag
                  </span>
                </p>
              </dt>
              <dd>
                <p
                  className="typo-undertekst"
                >
                  09.00
                   - 
                  14.30
                </p>
              </dd>
              <dt>
                <p
                  className="typo-undertekst"
                >
                  <span
                    className="sc-fjdhpX chqHmI"
                  >
                    onsdag
                  </span>
                </p>
              </dt>
              <dd>
                <p
                  className="typo-undertekst"
                >
                  09.00
                   - 
                  14.30
                </p>
              </dd>
              <dt>
                <p
                  className="typo-undertekst"
                >
                  <span
                    className="sc-fjdhpX chqHmI"
                  >
                    torsdag
                  </span>
                </p>
              </dt>
              <dd>
                <p
                  className="typo-undertekst"
                >
                  09.00
                   - 
                  14.30
                </p>
              </dd>
              <dt>
                <p
                  className="typo-undertekst"
                >
                  <span
                    className="sc-fjdhpX chqHmI"
                  >
                    fredag
                  </span>
                </p>
              </dt>
              <dd>
                <p
                  className="typo-undertekst"
                >
                  09.00
                   - 
                  14.30
                </p>
              </dd>
            </dl>
            <br />
          </div>
          <a
            className="sc-jTzLTM gGmsqn"
            href="/norg2-frontend/#/startsok?enhetNr=0118"
            rel="noopener noreferrer"
            target="_blank"
          >
            Mer informasjon om 
            Nav Aremark
          </a>
        </div>
      </div>
    </div>
    <div
      className="sc-dnqmqq lhVNBn"
    >
      <div
        className="sc-iwsKbI jYIAlx"
      >
        <img
          alt="Bruker er under vergemål"
          src="location-pin.svg"
          title="Bruker er under vergemål"
        />
      </div>
      <div
        className="sc-gZMcBi ikPRxU"
      >
        <p
          className="typo-etikett-liten"
        >
          <span
            className="sc-gqjmRU dugoZX"
          >
            Bruker er under vergemål
          </span>
        </p>
        <p
          className="typo-undertekst"
        >
          Lorem ipsum dolor sit amet, consectetur adipisicing elit. Facilis neque nobis sint tempora. Quos, tenetur!
        </p>
      </div>
    </div>
    <div
      className="sc-dnqmqq lhVNBn"
    >
      <div
        className="sc-iwsKbI jYIAlx"
      >
        <img
          alt="Sikkerhetstiltak"
          src="location-pin.svg"
          title="Sikkerhetstiltak"
        />
      </div>
      <div
        className="sc-gZMcBi ikPRxU"
      >
        <p
          className="typo-etikett-liten"
        >
          <span
            className="sc-gqjmRU dugoZX"
          >
            Sikkerhetstiltak
          </span>
        </p>
        <p
          className="typo-undertekst"
        >
          Lorem ipsum dolor sit amet, consectetur adipisicing elit. Facilis neque nobis sint tempora. Quos, tenetur!
        </p>
      </div>
    </div>
  </div>
</div>
`;
