// Jest Snapshot v1, https://goo.gl/fbAQLP

exports[`Viser oversikt med alt innhold 1`] = `
.c7 {
  font-weight: bold;
}

.c2 {
  border-radius: 0.25rem;
  background-color: white;
  box-shadow: 0 0 0.5rem rgba(0,0,0,0.1);
}

.c3 {
  display: -webkit-box;
  display: -webkit-flex;
  display: -ms-flexbox;
  display: flex;
  -webkit-box-pack: justify;
  -webkit-justify-content: space-between;
  -ms-flex-pack: justify;
  justify-content: space-between;
  padding: 0.625rem;
}

.c4 > * {
  border-top: solid 0.0625rem #b7b1a9;
}

.c9 > *:not(:first-child) {
  border-top: solid 0.0625rem #b7b1a9;
}

.c10 {
  display: grid;
  grid-template-columns: 70% auto;
  background-color: white;
  padding: 0.625rem;
}

.c11 li {
  display: inline-block;
}

.c11 li:not(:last-child):after {
  content: ',';
  margin-right: 0.5em;
}

.c8 {
  padding: 0.625rem;
}

.c12 > *:not(:first-child) {
  border-top: solid 0.0625rem #b7b1a9;
}

.c12 > * {
  padding: 0.625rem;
}

.c5 > *:not(:first-child) {
  border-top: solid 0.0625rem #b7b1a9;
}

.c6 {
  background-color: white;
  padding: 0.625rem;
}

.c0 {
  display: -webkit-box;
  display: -webkit-flex;
  display: -ms-flexbox;
  display: flex;
}

.c1 > * {
  margin: 0.9375rem;
  max-width: 30rem;
}

<article
  className="c0"
>
  <div
    className="c1"
  >
    <div
      className="c2"
    >
      <div
        className="c3"
      >
        <h3
          className="typo-undertittel"
        >
          Utbetalinger
        </h3>
        <a
          className="lenke"
          href="/modiapersonoversikt/person/10108000398/utbetaling/"
          onClick={[Function]}
        >
          <p
            className="typo-normal"
          >
            Gå til 
            utbetalinger
          </p>
        </a>
      </div>
      <div
        className="c4"
      >
        <ol
          className="c5"
        >
          <div
            className="c6"
          >
            <p
              className="typo-normal"
            >
              26.03.2017
               / 
              Utbetalt
            </p>
            <p
              className="typo-normal"
            >
              <span
                className="c7"
              >
                Sykepenger
              </span>
            </p>
            <p
              className="typo-normal"
            >
              09.11.2016
               - 
              31.10.2017
            </p>
            <p
              className="typo-normal"
            >
              Utbetaling til: 
              AREMARK TESTFAMILIEN
            </p>
          </div>
        </ol>
      </div>
    </div>
    <div
      className="c2"
    >
      <div
        className="c3"
      >
        <h3
          className="typo-undertittel"
        >
          Oppfølging
        </h3>
        <a
          className="lenke"
          href="/modiapersonoversikt/person/10108000398/oppfølging/"
          onClick={[Function]}
        >
          <p
            className="typo-normal"
          >
            Gå til 
            oppfølging
          </p>
        </a>
      </div>
      <div
        className="c4"
      >
        <div
          className="c8"
        >
          <p
            className="typo-normal"
          >
            Er ikke i arbeidsrettet oppfølging
          </p>
        </div>
      </div>
    </div>
    <div
      className="c2"
    >
      <div
        className="c3"
      >
        <h3
          className="typo-undertittel"
        >
          Varsler
        </h3>
        <a
          className="lenke"
          href="/modiapersonoversikt/person/10108000398/varsler/"
          onClick={[Function]}
        >
          <p
            className="typo-normal"
          >
            Gå til 
            varsler
          </p>
        </a>
      </div>
      <div
        className="c4"
      >
        <ol
          className="c9"
        >
          <div
            className="c10"
          >
            <p
              className="typo-normal"
            >
              28. mars 2019
            </p>
            <ul
              aria-label="Kommunikasjonskanaler"
              className="c11"
            >
              <li
                className="typo-normal"
              >
                SMS
              </li>
              <li
                className="typo-normal"
              >
                EPOST
              </li>
            </ul>
            <p
              className="typo-normal"
            >
              <span
                className="c7"
              >
                Påminnelse om å sende meldekort
              </span>
            </p>
          </div>
          <div
            className="c10"
          >
            <p
              className="typo-normal"
            >
              10. jan. 2019
            </p>
            <ul
              aria-label="Kommunikasjonskanaler"
              className="c11"
            >
              <li
                className="typo-normal"
              >
                EPOST
              </li>
            </ul>
            <p
              className="typo-normal"
            >
              <span
                className="c7"
              >
                Påminnelse om å sende meldekort
              </span>
            </p>
          </div>
        </ol>
      </div>
    </div>
  </div>
  <div
    className="c1"
  >
    <div
      className="c2"
    >
      <div
        className="c3"
      >
        <h3
          className="typo-undertittel"
        >
          Meldinger
        </h3>
        <a
          className="lenke"
          href="/modiapersonoversikt/person/10108000398/meldinger/"
          onClick={[Function]}
        >
          <p
            className="typo-normal"
          >
            Gå til 
            meldinger
          </p>
        </a>
      </div>
      <div
        className="c4"
      />
    </div>
    <div
      className="c2"
    >
      <div
        className="c3"
      >
        <h3
          className="typo-undertittel"
        >
          Ytelser
        </h3>
        <a
          className="lenke"
          href="/modiapersonoversikt/person/10108000398/ytelser/"
          onClick={[Function]}
        >
          <p
            className="typo-normal"
          >
            Gå til 
            ytelser
          </p>
        </a>
      </div>
      <div
        className="c4"
      >
        <div
          className="c12"
        />
      </div>
    </div>
  </div>
</article>
`;
