// Jest Snapshot v1, https://goo.gl/fbAQLP

exports[`viser fortsett dialog 1`] = `
.c4 {
  margin-right: 0.3rem !important;
}

.c3 {
  display: -webkit-box;
  display: -webkit-flex;
  display: -ms-flexbox;
  display: flex;
}

.c2 {
  width: 100%;
  padding-right: 1rem;
}

.c5 {
  padding: 1rem;
  overflow-wrap: break-word;
  padding-top: 0;
}

.c1 {
  border-bottom: 0.1rem rgba(0,0,0,0.2) solid;
}

.c1 .ekspanderbartPanel__innhold {
  padding: 0;
}

.c1 .ekspanderbartPanel__hode:hover {
  box-shadow: inset 0 0 0 0.1rem #0067c5,0 0.1rem 0.1rem rgba(0,0,0,0.2);
}

.c1.ekspanderbartPanel {
  border-radius: 0;
}

.c1 .ekspanderbartPanel__hode:focus {
  outline: none;
  box-shadow: inset 0 0 0 0.1875rem #254b6d;
}

.c0 {
  border: solid 0.0625rem #78706a;
}

.c0 .ekspanderbartPanel__innhold {
  padding: 0;
}

.c0 .ekspanderbartPanel__hode:hover {
  box-shadow: inset 0 0 0 0.1rem #0067c5,0 0.1rem 0.1rem rgba(0,0,0,0.2);
}

<article
  className="c0"
>
  <h3
    className="sr-only"
    tabIndex={-1}
  >
    Tråd under arbeid
  </h3>
  <div
    className="ekspanderbartPanel c1 ekspanderbartPanel--apen"
    erEnkeltstaende={false}
  >
    <button
      aria-controls="Helt tilfeldig ID"
      aria-expanded={true}
      className="ekspanderbartPanel__hode"
      onClick={[Function]}
      onKeyDown={[Function]}
      type="button"
    >
      <div
        className="ekspanderbartPanel__flex-wrapper"
      >
        <div
          className="c2"
        >
          <p
            className="typo-element"
          >
            Samtalereferat oppmøte - Arbeid
          </p>
          <p
            className="typo-undertekst"
          >
            30. juli 2019 00:00
          </p>
          <div
            className="c3"
          >
            <p
              className="typo-normal c4"
            >
              Skrevet av:
            </p>
            <div
              className="tekstomrade typo-normal"
            >
              Sander Hansen (nzxo4q)
            </div>
          </div>
        </div>
        <span
          className="ekspanderbartPanel__indikator"
        />
      </div>
    </button>
    <article
      className="ekspanderbartPanel__innhold"
    >
      <div
        className="tekstomrade c5"
      >
        Ea laborum accusamus et ex voluptates provident eveniet voluptatem. Sunt et sed eligendi harum exercitationem. Eaque est maiores autem sunt occaecati atque ipsa ea itaque. Dolorum enim quaerat alias ut sit labore pariatur.
      </div>
    </article>
  </div>
  <div
    className="ekspanderbartPanel c1 ekspanderbartPanel--apen"
    erEnkeltstaende={false}
  >
    <button
      aria-controls="Helt tilfeldig ID"
      aria-expanded={true}
      className="ekspanderbartPanel__hode"
      onClick={[Function]}
      onKeyDown={[Function]}
      type="button"
    >
      <div
        className="ekspanderbartPanel__flex-wrapper"
      >
        <div
          className="c2"
        >
          <p
            className="typo-element"
          >
            Spørsmål fra bruker - Arbeid
          </p>
          <p
            className="typo-undertekst"
          >
            10. aug. 2019 00:00
          </p>
        </div>
        <span
          className="ekspanderbartPanel__indikator"
        />
      </div>
    </button>
    <article
      className="ekspanderbartPanel__innhold"
    >
      <div
        className="tekstomrade c5"
      >
        Quo magni eaque et libero minima ipsum amet et dolorem. Sed iusto ratione sit. Voluptate alias qui impedit ut dolorum doloribus qui. Qui beatae rerum minima suscipit.
      </div>
    </article>
  </div>
  <div
    className="ekspanderbartPanel c1 ekspanderbartPanel--apen"
    erEnkeltstaende={false}
  >
    <button
      aria-controls="Helt tilfeldig ID"
      aria-expanded={true}
      className="ekspanderbartPanel__hode"
      onClick={[Function]}
      onKeyDown={[Function]}
      type="button"
    >
      <div
        className="ekspanderbartPanel__flex-wrapper"
      >
        <div
          className="c2"
        >
          <p
            className="typo-element"
          >
            Spørsmål fra bruker - Arbeid
          </p>
          <p
            className="typo-undertekst"
          >
            06. aug. 2019 00:00
          </p>
        </div>
        <span
          className="ekspanderbartPanel__indikator"
        />
      </div>
    </button>
    <article
      className="ekspanderbartPanel__innhold"
    >
      <div
        className="tekstomrade c5"
      >
        Animi qui molestiae omnis reiciendis quam in. Provident magnam dolor. Omnis voluptatem placeat labore in ut aliquam perspiciatis fugiat. Perspiciatis voluptatum odit.
      </div>
    </article>
  </div>
  <div
    className="ekspanderbartPanel c1 ekspanderbartPanel--apen"
    erEnkeltstaende={true}
  >
    <button
      aria-controls="Helt tilfeldig ID"
      aria-expanded={true}
      className="ekspanderbartPanel__hode"
      onClick={[Function]}
      onKeyDown={[Function]}
      type="button"
    >
      <div
        className="ekspanderbartPanel__flex-wrapper"
      >
        <div
          className="c2"
        >
          <p
            className="typo-element"
          >
            Delsvar - Arbeid
          </p>
          <p
            className="typo-undertekst"
          >
            13. aug. 2019 00:00
          </p>
          <div
            className="c3"
          >
            <p
              className="typo-normal c4"
            >
              Skrevet av:
            </p>
            <div
              className="tekstomrade typo-normal"
            >
              Kristoffer Fredriksen (xy70r8)
            </div>
          </div>
        </div>
        <span
          className="ekspanderbartPanel__indikator"
        />
      </div>
    </button>
    <article
      className="ekspanderbartPanel__innhold"
    >
      <div
        className="tekstomrade c5"
      >
        Dolores omnis ea voluptatem corrupti odit incidunt enim. Unde fugiat sed animi explicabo maiores. Nihil cum accusamus omnis officiis deserunt est. Qui quisquam unde aut magni dignissimos.
      </div>
    </article>
  </div>
</article>
`;
